▲ Next.js 16.2.10 (webpack)

  Creating an optimized production build ...
✓ Compiled successfully in 19.1s
  Running TypeScript ...
  Finished TypeScript in 17.9s ...
  Collecting page data using 8 workers ...
  Generating static pages using 8 workers (0/28) ...
  Generating static pages using 8 workers (7/28) 
  Generating static pages using 8 workers (14/28) 
  Generating static pages using 8 workers (21/28) 
✓ Generating static pages using 8 workers (28/28) in 384ms
  Finalizing page optimization ...
  Collecting build traces ...

Route (app)
┌ ○ /
├ ○ /_not-found
├ ƒ /admin/kpi
├ ƒ /admin/kpi/day/[date]
├ ƒ /admin/kpi/game04
├ ƒ /api/admin/kpi/marketing
├ ƒ /api/admin/kpi/refresh
├ ƒ /api/admin/kpi/snapshots
├ ƒ /api/admin/kpi/timeseries
├ ƒ /api/admin/kpi/v2/acquisition
├ ƒ /api/admin/kpi/v2/community
├ ƒ /api/admin/kpi/v2/daily
├ ƒ /api/admin/kpi/v2/gameplay
├ ƒ /api/admin/kpi/v2/guild
├ ƒ /api/admin/kpi/v2/marketing
├ ƒ /api/admin/kpi/v2/post-tutorial
├ ƒ /api/admin/kpi/v2/retention
├ ƒ /api/admin/kpi/v2/supply
├ ƒ /api/admin/kpi/v2/tutorial
├ ƒ /api/admin/kpi/v2/validation
├ ƒ /api/auth/game04-binding
├ ƒ /api/auth/replace-google
├ ƒ /api/billing/checkout
├ ƒ /api/billing/config
├ ƒ /api/billing/history
├ ƒ /api/billing/restore
├ ƒ /api/billing/shop
├ ƒ /api/billing/webhook
├ ƒ /api/kpi/identity-transition
├ ƒ /api/qa/activity
├ ƒ /api/qa/deployment
├ ƒ /api/qa/quest-deployment
├ ƒ /api/qa/recovery-image
├ ○ /auth/callback
├ ○ /auth/game04
├ ○ /auth/game04/callback
├ ƒ /billing/return
├ ƒ /legal/age-rating
├ ƒ /legal/commercial
├ ƒ /legal/contact
├ ƒ /legal/cookies
├ ƒ /legal/payments
├ ƒ /legal/privacy
├ ƒ /legal/rights
├ ƒ /legal/terms
├ ƒ /legal/tokusho
├ ○ /manifest.webmanifest
├ ○ /open
├ ƒ /qa/audio
├ ƒ /qa/battle-additions
├ ƒ /qa/battle-common
├ ƒ /qa/battle-flow-v3
├ ƒ /qa/battle-full-skill-load
├ ƒ /qa/battle-live
├ ƒ /qa/battle-presentation-v3
├ ƒ /qa/community
├ ƒ /qa/g3-gacha
├ ƒ /qa/home-live-viewport
├ ƒ /qa/home-state
├ ○ /qa/identity
├ ƒ /qa/invasion-approved
├ ƒ /qa/presentation
├ ƒ /qa/quest-live-viewport
├ ƒ /qa/quest65
├ ƒ /qa/raid-approved
├ ƒ /qa/raid-detail
├ ƒ /qa/raid-integrated
├ ƒ /qa/raid-live-viewport
├ ƒ /qa/raid-pages
├ ƒ /qa/raid-room
├ ƒ /qa/raid-top
├ ƒ /qa/recovery-live
├ ƒ /qa/redesign
├ ƒ /qa/shop-ui
├ ƒ /qa/tutorial
├ ƒ /qa/visual-parts
├ ○ /robots.txt
└ ○ /sitemap.xml


ƒ Proxy (Middleware)

○  (Static)   prerendered as static content
ƒ  (Dynamic)  server-rendered on demand

