PASS 00_00_schema.sql
PASS 01_01_core_seed.sql
PASS 02_game04_g3_formal_gacha_pool.sql
PASS 03_20260919123634_game04_redesign_runtime.sql
PASS 04_20260921023857_game04_growth_v1_runtime.sql
PASS 05_10_live_runtime_additions.sql
PASS 06_11_auth_and_fixture_generator.sql
PASS 07_13_g3_player_initialization.sql
PASS 08_14_g3_room_read_projection.sql
PASS 09_15_g3_initial_read_runtime.sql
PASS 10_16_g3_current_territory_master.sql
PASS 11_17_g3_territory_validator_reconciliation.sql
PASS 12_game04_g3_gacha_atomic_commit.sql
PASS 13_game04_g2_kpi_gameplay.sql
PASS 14_game04_g2_kpi_supply.sql
PASS 15_game04_g2_kpi_observations.sql
PASS 16_game04_g3_gacha_kpi_connection.sql
PASS 17_20_tutorial.sql
PASS 18_22_runtime.sql
PASS 19_23_territory_triggers.sql
PASS 20_24_masters.sql
PASS 21_25_community_schema.sql
PASS 22_26_chat_functions.sql
PASS 23_21_activity.sql
PASS 24_game04_community_public_profiles.sql
PASS 25_27_territory_master.sql
PASS 26_28_approved_quest_names.sql
PASS 27_29_approved_raid_supply.sql
PASS 28_30_present_claim.sql
PASS 29_31_paid_expiry.sql
PASS 30_33_billing_runtime.sql
PASS 31_34_billing_catalog.sql
PASS 32_35_authentication_reward.sql
PASS 33_37_shop_purchase_read.sql
PASS 34_game04_g2_commit_deck_with_context.sql
PASS 35_game04_g2_raid_rooms_with_owners.sql
PASS 36_game04_early_retention_mission_rewards.sql
PASS 37_20260926171550_game04_preview_profile_rpc.sql
PASS 38_20260927045741_game04_additional29_promotions_campaign_pack.sql
PASS 39_20260927051117_game04_release_present_90_days.sql
PASS 40_20260927051447_game04_chat_seen_watermark.sql
PASS 41_20260927052409_game04_release_new_player_delivery.sql
PASS 42_20260927053144_game04_promotion_purchase_ledger_guard.sql
PASS 43_20260927061009_game04_unlock_guide_and_unread_initialization.sql
[{"tables":50}]
[{"key":"acquisition_conversion","data_md5":"ea9eafb50e9e6e1d6e317839652f3434"},{"key":"formal_gacha","data_md5":"748bde1a107fc2e37aa0c33a6752561f"},{"key":"missions","data_md5":"acf503ea11c045b093b15d3b498b48dc"},{"key":"production_environment","data_md5":"f9069a95555050742097627e1263d80d"},{"key":"quest65","data_md5":"311094b77b2f19ee8d2ee6d111e69d5b"},{"key":"quest_player_exp","data_md5":"1c990831bb9e56203f318e89b531378c"},{"key":"release_manifest","data_md5":"d35aacc0b74d1dbaf58dab9b4970d796"},{"key":"runtime","data_md5":"55bac84df4cebf0a88987d41a06286b1"},{"key":"territory","data_md5":"4bab1978bb7a6c09f68dc642495a5653"}]
